---
source: lux-lib/src/lockfile/mod.rs
assertion_line: 1464
expression: lockfile
---
{
  "version": "1.0.0",
  "rocks": {
    "05658bb5a7fd7aa98cee3e94e060d18b243061bbfb6fb9ead30dfdff24456d94": {
      "name": "plenary.nvim",
      "version": "0.1.4-1",
      "pinned": false,
      "opt": false,
      "dependencies": [
        "acdfde00d122aac481c18c906d483478bb536741beb025becc11782a075d125b"
      ],
      "constraint": "=0.1.4",
      "binaries": [],
      "source": "luarocks_rockspec+https://luarocks.org/",
      "source_url": {
        "type": "url",
        "url": "https://github.com/nvim-lua/plenary.nvim/archive/v0.1.4.zip"
      },
      "hashes": {
        "rockspec": "sha256-0EdepFBCsLc5D7HJKX66yMw/NbIgCmQib/+yqpJ9FFE=",
        "source": "sha256-cJ2EfkbTOiEJ8IPVnoO77alXynBv+nJ2ql/vfYOTSJI="
      }
    },
    "09b728b8ffb1b864e2002cec989c47a30ccb3d92dfea356667e576e0329b8d84": {
      "name": "neorg",
      "version": "8.0.0-1",
      "pinned": false,
      "opt": false,
      "dependencies": [
        "de206edd51dbfc1bbe56869d6729cf4a6e6e70e7b2e107093c0f6520c142d79b",
        "41690f14b6a1b68141de9ea50093a18e76437b931fac8b7bd464d95c2f187321"
      ],
      "constraint": "=8.0.0",
      "binaries": [],
      "source": "luarocks_rockspec+https://luarocks.org/",
      "source_url": {
        "type": "url",
        "url": "https://github.com/nvim-neorg/neorg/archive/v8.0.0.zip"
      },
      "hashes": {
        "rockspec": "sha256-7FQ1jtFfZQQ9IYtLwS14TcFsTWXM4xMnnpQh80GHpP0=",
        "source": "sha256-YRQaq7LRoIK6qrc1djC/z4aPVhdcuw1IKxsZuddJKu4="
      }
    },
    "0e7601c45f13611fa5b85cb3ba46a554ad6fb6c4546776b310c9ebfc5581e663": {
      "name": "say",
      "version": "1.4.1-3",
      "pinned": false,
      "opt": false,
      "dependencies": [],
      "constraint": null,
      "binaries": [],
      "source": "luarocks_rockspec+https://luarocks.org/",
      "source_url": {
        "type": "git",
        "url": "https://github.com/lunarmodules/say.git",
        "ref": "v1.4.1"
      },
      "hashes": {
        "rockspec": "sha256-WFKt1iWeyjO9A8SG0KUX8tkS9JvMqoVM8CKBUguuK0Y=",
        "source": "sha256-IjNkK1leVtYgbEjUqguVMjbdW+0BHAOCE0pazrVuF50="
      }
    },
    "33b61cf80f923edb9bb666545d5fc2eede97156d0f903d330b5d737e8635ae0b": {
      "name": "nui.nvim",
      "version": "0.3.0-1",
      "pinned": false,
      "opt": false,
      "dependencies": [],
      "constraint": "=0.3.0",
      "binaries": [],
      "source": "luarocks_rockspec+https://luarocks.org/",
      "source_url": {
        "type": "git",
        "url": "https://github.com/MunifTanjim/nui.nvim.git",
        "ref": "0.3.0"
      },
      "hashes": {
        "rockspec": "sha256-C33kdZVqHui1mOd+J2/HbvmvYOntTMzfJ3YBtj4v51k=",
        "source": "sha256-L0ebXtv794357HOAgT17xlEJsmpqIHGqGlYfDB20WTo="
      }
    },
    "3762e98c2b422658125cbb99ab9323b07bd53ee3f278bc5bb94440f43d4a4536": {
      "name": "nvim-nio",
      "version": "1.7.0-1",
      "pinned": false,
      "opt": false,
      "dependencies": [],
      "constraint": ">=1.7.0, <1.8.0",
      "binaries": [],
      "source": "luarocks_rockspec+https://luarocks.org/",
      "source_url": {
        "type": "url",
        "url": "https://github.com/nvim-neotest/nvim-nio/archive/v1.7.0.zip"
      },
      "hashes": {
        "rockspec": "sha256-BeisoicovxazR188FBSEKxr5FBrxpIL0Ss+vCdCQ1Aw=",
        "source": "sha256-xuO1/iMXJnyKI8DkQO80TCTKMYmqOmc/bhlb9pDx6dY="
      }
    },
    "41690f14b6a1b68141de9ea50093a18e76437b931fac8b7bd464d95c2f187321": {
      "name": "lua-utils.nvim",
      "version": "1.0.2-1",
      "pinned": false,
      "opt": false,
      "dependencies": [],
      "constraint": null,
      "binaries": [],
      "source": "luarocks_rockspec+https://luarocks.org/",
      "source_url": {
        "type": "url",
        "url": "https://github.com/nvim-neorg/lua-utils.nvim/archive/v1.0.2.zip"
      },
      "hashes": {
        "rockspec": "sha256-Kc8mdjLRaL063VWYjGAWSYySYKmFgZXF+Qoa0TaRIWg=",
        "source": "sha256-fpGplQuldzNCYUMISOfGKgD080JKDxbZNb8Rch00Yxs="
      }
    },
    "4e9592a499c9ced4f8ce366db9db7d9c0dd1424ea8d4c8c16c1550ea3a61a696": {
      "name": "say",
      "version": "1.4.1-3",
      "pinned": false,
      "opt": false,
      "dependencies": [],
      "constraint": ">=1.4.0",
      "binaries": [],
      "source": "luarocks_rockspec+https://luarocks.org/",
      "source_url": {
        "type": "git",
        "url": "https://github.com/lunarmodules/say.git",
        "ref": "v1.4.1"
      },
      "hashes": {
        "rockspec": "sha256-WFKt1iWeyjO9A8SG0KUX8tkS9JvMqoVM8CKBUguuK0Y=",
        "source": "sha256-IjNkK1leVtYgbEjUqguVMjbdW+0BHAOCE0pazrVuF50="
      }
    },
    "633b8427bcfd6db2c9ad5037e6a074a9b872389e4e40ec3b63ba725f3a213a6a": {
      "name": "pathlib.nvim",
      "version": "2.2.3-1",
      "pinned": false,
      "opt": false,
      "dependencies": [
        "9e1642247f9208a7e65e1e76461b2adc6f35fe644ce4cdf9f7fa6f5a12c8845e"
      ],
      "constraint": ">=2.2.0, <2.3.0",
      "binaries": [],
      "source": "luarocks_rockspec+https://luarocks.org/",
      "source_url": {
        "type": "url",
        "url": "https://github.com/pysan3/pathlib.nvim/archive/v2.2.3.zip"
      },
      "hashes": {
        "rockspec": "sha256-kdDMqznWlwP9wIqlzPrZ5qEDp6edhlkaasAcQzWTmmM=",
        "source": "sha256-fNO24tL8wApI8j3rk2mdLf5wbbjlUzsvCxki3n0xRw8="
      }
    },
    "6ce52e817fcd2ffa42a18cff12c0fe8c94bc9fdddc62ff0592d1ce7934876e4d": {
      "name": "neorg",
      "version": "8.8.1-1",
      "pinned": false,
      "opt": false,
      "dependencies": [
        "3762e98c2b422658125cbb99ab9323b07bd53ee3f278bc5bb94440f43d4a4536",
        "a76de7619c333c89f16dd833f6337e938e1371971baea15e955dc4f03a6ef7fb",
        "05658bb5a7fd7aa98cee3e94e060d18b243061bbfb6fb9ead30dfdff24456d94",
        "33b61cf80f923edb9bb666545d5fc2eede97156d0f903d330b5d737e8635ae0b",
        "633b8427bcfd6db2c9ad5037e6a074a9b872389e4e40ec3b63ba725f3a213a6a"
      ],
      "constraint": "=8.8.1",
      "binaries": [],
      "source": "luarocks_rockspec+https://luarocks.org/",
      "source_url": {
        "type": "url",
        "url": "https://github.com/nvim-neorg/neorg/archive/v8.8.1.zip"
      },
      "hashes": {
        "rockspec": "sha256-fjnKNY8OIDpq2eZYea3v/uM4vna4OxpO+IA0LCcN+Cc=",
        "source": "sha256-0sVLXN+aDxmb2lxvhjUGgg8XFyu8DMl2i2RA+TjUbu8="
      }
    },
    "6e71c27e2818df16fdbf782b88dca9199cd20b29a88a7af29cb5c1c87cb03f95": {
      "name": "lua-cjson",
      "version": "2.1.0-1",
      "pinned": false,
      "opt": false,
      "dependencies": [],
      "constraint": "=2.1.0",
      "binaries": [
        "lua2json",
        "json2lua"
      ],
      "source": "luarocks_rockspec+https://luarocks.org/",
      "source_url": {
        "type": "url",
        "url": "https://luarocks.org/lua-cjson-2.1.0-1.src.rock"
      },
      "hashes": {
        "rockspec": "sha256-L/6Yon2ek6NnEeifAy3qsnT2cMCB8IdaCgVeu3+1lvs=",
        "source": "sha256-23r4ScVV0aR09yn+Sla1Uw6b57JHSet6fEdKfHIHuXI="
      }
    },
    "9e1642247f9208a7e65e1e76461b2adc6f35fe644ce4cdf9f7fa6f5a12c8845e": {
      "name": "nvim-nio",
      "version": "1.10.1-1",
      "pinned": false,
      "opt": false,
      "dependencies": [],
      "constraint": ">=1.8.0",
      "binaries": [],
      "source": "luarocks_rockspec+https://luarocks.org/",
      "source_url": {
        "type": "url",
        "url": "https://github.com/nvim-neotest/nvim-nio/archive/21f5324bfac14e22ba26553caf69ec76ae8a7662.zip"
      },
      "hashes": {
        "rockspec": "sha256-QL5OCZFBGixecdEoriGck4iG83tjM09ewYbWVSbcfa4=",
        "source": "sha256-5x+iHduNdyVjS6+OrqfDh17g9o2tP2YFFqKEsK6Z5zw="
      }
    },
    "a76de7619c333c89f16dd833f6337e938e1371971baea15e955dc4f03a6ef7fb": {
      "name": "lua-utils.nvim",
      "version": "1.0.2-1",
      "pinned": false,
      "opt": false,
      "dependencies": [],
      "constraint": "=1.0.2",
      "binaries": [],
      "source": "luarocks_rockspec+https://luarocks.org/",
      "source_url": {
        "type": "url",
        "url": "https://github.com/nvim-neorg/lua-utils.nvim/archive/v1.0.2.zip"
      },
      "hashes": {
        "rockspec": "sha256-Kc8mdjLRaL063VWYjGAWSYySYKmFgZXF+Qoa0TaRIWg=",
        "source": "sha256-fpGplQuldzNCYUMISOfGKgD080JKDxbZNb8Rch00Yxs="
      }
    },
    "acdfde00d122aac481c18c906d483478bb536741beb025becc11782a075d125b": {
      "name": "luassert",
      "version": "1.9.0-1",
      "pinned": false,
      "opt": false,
      "dependencies": [
        "4e9592a499c9ced4f8ce366db9db7d9c0dd1424ea8d4c8c16c1550ea3a61a696"
      ],
      "constraint": null,
      "binaries": [],
      "source": "luarocks_rockspec+https://luarocks.org/",
      "source_url": {
        "type": "git",
        "url": "https://github.com/lunarmodules/luassert.git",
        "ref": "v1.9.0"
      },
      "hashes": {
        "rockspec": "sha256-rTPvF/GK/jMnH/q4wbwTCGBFELWh+JcvHeOCFAbIf64=",
        "source": "sha256-jjdB95Vr5iVsh5T7E84WwZMW6/5H2k2R/ny2VBs2l3I="
      }
    },
    "de206edd51dbfc1bbe56869d6729cf4a6e6e70e7b2e107093c0f6520c142d79b": {
      "name": "nvim-nio",
      "version": "1.10.1-1",
      "pinned": false,
      "opt": false,
      "dependencies": [],
      "constraint": null,
      "binaries": [],
      "source": "luarocks_rockspec+https://luarocks.org/",
      "source_url": {
        "type": "url",
        "url": "https://github.com/nvim-neotest/nvim-nio/archive/21f5324bfac14e22ba26553caf69ec76ae8a7662.zip"
      },
      "hashes": {
        "rockspec": "sha256-QL5OCZFBGixecdEoriGck4iG83tjM09ewYbWVSbcfa4=",
        "source": "sha256-5x+iHduNdyVjS6+OrqfDh17g9o2tP2YFFqKEsK6Z5zw="
      }
    }
  },
  "entrypoints": [
    "09b728b8ffb1b864e2002cec989c47a30ccb3d92dfea356667e576e0329b8d84",
    "0e7601c45f13611fa5b85cb3ba46a554ad6fb6c4546776b310c9ebfc5581e663",
    "6ce52e817fcd2ffa42a18cff12c0fe8c94bc9fdddc62ff0592d1ce7934876e4d",
    "6e71c27e2818df16fdbf782b88dca9199cd20b29a88a7af29cb5c1c87cb03f95"
  ]
}
