---
source: rocks-lib/src/tree/mod.rs
assertion_line: 252
expression: sorted_result
---
- - lua-cjson
  - - 2.1.0-1
- - neorg
  - - 8.0.0-1
    - 8.8.1-1
